[INFO] Scanning for projects...
[INFO] 
[INFO] --------------------------< com.example:demo >--------------------------
[INFO] Building demo 0.0.1-SNAPSHOT
[INFO]   from pom.xml
[INFO] --------------------------------[ jar ]---------------------------------
[INFO] 
[INFO] --- resources:3.3.1:resources (default-resources) @ demo ---
[INFO] Copying 1 resource from src\main\resources to target\classes
[INFO] Copying 0 resource from src\main\resources to target\classes
[INFO] 
[INFO] --- compiler:3.13.0:compile (default-compile) @ demo ---
[INFO] Nothing to compile - all classes are up to date.
[INFO] 
[INFO] --- resources:3.3.1:testResources (default-testResources) @ demo ---
[INFO] skip non existing resourceDirectory C:\Users\mokaa\Desktop\IGAI\API DEMO\src\test\resources
[INFO] 
[INFO] --- compiler:3.13.0:testCompile (default-testCompile) @ demo ---
[INFO] Recompiling the module because of added or removed source files.
[INFO] Compiling 1 source file with javac [debug parameters release 21] to target\test-classes
[WARNING] /C:/Users/mokaa/Desktop/IGAI/API DEMO/src/test/java/com/example/demo/controller/WebhookControllerTest.java:[24,6] org.springframework.boot.test.mock.mockito.MockBean in org.springframework.boot.test.mock.mockito has been deprecated and marked for removal
[INFO] 
[INFO] --- surefire:3.5.2:test (default-test) @ demo ---
Downloading from central: https://repo.maven.apache.org/maven2/org/apache/maven/surefire/surefire-api/3.5.2/surefire-api-3.5.2.jar
Progress (1): 0.9/171 kB
Progress (1): 2.3/171 kB
Progress (1): 3.7/171 kB
Progress (1): 5.0/171 kB
Progress (1): 6.4/171 kB
Progress (1): 7.8/171 kB
Progress (1): 9.1/171 kB
Progress (1): 11/171 kB 
Progress (1): 12/171 kB
Progress (1): 13/171 kB
Progress (1): 15/171 kB
Progress (1): 16/171 kB
Progress (1): 17/171 kB
Progress (1): 19/171 kB
Progress (1): 20/171 kB
Progress (1): 21/171 kB
Progress (1): 23/171 kB
Progress (1): 24/171 kB
Progress (1): 26/171 kB
Progress (1): 27/171 kB
Progress (1): 28/171 kB
Progress (1): 30/171 kB
Progress (1): 31/171 kB
Progress (1): 32/171 kB
Progress (1): 34/171 kB
Progress (1): 35/171 kB
Progress (1): 37/171 kB
Progress (1): 38/171 kB
Progress (1): 39/171 kB
Progress (1): 41/171 kB
Progress (1): 42/171 kB
Progress (1): 43/171 kB
Progress (1): 45/171 kB
Progress (1): 46/171 kB
Progress (1): 47/171 kB
Progress (1): 49/171 kB
Progress (1): 50/171 kB
Progress (1): 52/171 kB
Progress (1): 53/171 kB
Progress (1): 54/171 kB
Progress (1): 56/171 kB
Progress (1): 60/171 kB
Progress (1): 64/171 kB
Progress (1): 68/171 kB
Progress (1): 73/171 kB
Progress (1): 77/171 kB
Progress (1): 81/171 kB
Progress (1): 85/171 kB
Progress (1): 90/171 kB
Progress (1): 94/171 kB
Progress (1): 98/171 kB
Progress (1): 102/171 kB
Progress (1): 106/171 kB
Progress (1): 111/171 kB
Progress (1): 115/171 kB
Progress (1): 119/171 kB
Progress (1): 123/171 kB
Progress (1): 128/171 kB
Progress (1): 132/171 kB
Progress (1): 136/171 kB
Progress (1): 140/171 kB
Progress (1): 144/171 kB
Progress (1): 149/171 kB
Progress (1): 153/171 kB
Progress (1): 157/171 kB
Progress (1): 161/171 kB
Progress (1): 166/171 kB
Progress (1): 170/171 kB
Progress (1): 171 kB    
                    
Downloaded from central: https://repo.maven.apache.org/maven2/org/apache/maven/surefire/surefire-api/3.5.2/surefire-api-3.5.2.jar (171 kB at 13 kB/s)
Downloading from central: https://repo.maven.apache.org/maven2/org/apache/maven/surefire/surefire-logger-api/3.5.2/surefire-logger-api-3.5.2.jar
Downloading from central: https://repo.maven.apache.org/maven2/org/apache/maven/surefire/surefire-shared-utils/3.5.2/surefire-shared-utils-3.5.2.jar
Downloading from central: https://repo.maven.apache.org/maven2/org/apache/maven/surefire/surefire-extensions-api/3.5.2/surefire-extensions-api-3.5.2.jar
Downloading from central: https://repo.maven.apache.org/maven2/org/apache/maven/surefire/maven-surefire-common/3.5.2/maven-surefire-common-3.5.2.jar
Downloading from central: https://repo.maven.apache.org/maven2/org/apache/maven/surefire/surefire-booter/3.5.2/surefire-booter-3.5.2.jar
Progress (1): 3.8/26 kB
Progress (1): 8.0/26 kB
Progress (1): 12/26 kB 
Progress (1): 16/26 kB
Progress (1): 21/26 kB
Progress (1): 25/26 kB
Progress (1): 26 kB   
                   
Downloaded from central: https://repo.maven.apache.org/maven2/org/apache/maven/surefire/surefire-extensions-api/3.5.2/surefire-extensions-api-3.5.2.jar (26 kB at 34 kB/s)
Downloading from central: https://repo.maven.apache.org/maven2/org/apache/maven/surefire/surefire-extensions-spi/3.5.2/surefire-extensions-spi-3.5.2.jar
Progress (1): 3.8/8.2 kB
Progress (1): 8.0/8.2 kB
Progress (1): 8.2 kB    
                    
Downloaded from central: https://repo.maven.apache.org/maven2/org/apache/maven/surefire/surefire-extensions-spi/3.5.2/surefire-extensions-spi-3.5.2.jar (8.2 kB at 4.0 kB/s)
Downloading from central: https://repo.maven.apache.org/maven2/org/apache/maven/resolver/maven-resolver-util/1.4.1/maven-resolver-util-1.4.1.jar
Progress (1): 0.9/311 kB
Progress (1): 2.3/311 kB
Progress (1): 3.7/311 kB
Progress (1): 5.0/311 kB
Progress (1): 6.4/311 kB
Progress (1): 7.8/311 kB
Progress (1): 9.1/311 kB
Progress (1): 11/311 kB 
Progress (1): 12/311 kB
Progress (1): 13/311 kB
Progress (1): 15/311 kB
Progress (1): 16/311 kB
Progress (1): 17/311 kB
Progress (1): 19/311 kB
Progress (1): 20/311 kB
Progress (1): 21/311 kB
Progress (1): 23/311 kB
Progress (1): 24/311 kB
Progress (1): 26/311 kB
Progress (1): 27/311 kB
Progress (1): 28/311 kB
Progress (1): 30/311 kB
Progress (1): 31/311 kB
Progress (1): 32/311 kB
Progress (1): 34/311 kB
Progress (1): 35/311 kB
Progress (1): 37/311 kB
Progress (1): 38/311 kB
Progress (1): 39/311 kB
Progress (1): 41/311 kB
Progress (1): 42/311 kB
Progress (1): 43/311 kB
Progress (1): 45/311 kB
Progress (1): 46/311 kB
Progress (1): 47/311 kB
Progress (1): 49/311 kB
Progress (1): 50/311 kB
Progress (1): 52/311 kB
Progress (1): 53/311 kB
Progress (1): 54/311 kB
Progress (1): 56/311 kB
Progress (1): 60/311 kB
Progress (1): 64/311 kB
Progress (1): 68/311 kB
Progress (1): 73/311 kB
Progress (1): 77/311 kB
Progress (1): 81/311 kB
Progress (1): 85/311 kB
Progress (1): 90/311 kB
Progress (1): 94/311 kB
Progress (1): 98/311 kB
Progress (1): 102/311 kB
Progress (1): 106/311 kB
Progress (1): 111/311 kB
Progress (1): 115/311 kB
Progress (1): 119/311 kB
Progress (1): 123/311 kB
Progress (1): 128/311 kB
Progress (1): 132/311 kB
Progress (1): 136/311 kB
Progress (1): 140/311 kB
Progress (1): 144/311 kB
Progress (1): 149/311 kB
Progress (1): 153/311 kB
Progress (1): 157/311 kB
Progress (1): 161/311 kB
Progress (1): 166/311 kB
Progress (1): 170/311 kB
Progress (1): 174/311 kB
Progress (1): 178/311 kB
Progress (1): 183/311 kB
Progress (1): 187/311 kB
Progress (1): 191/311 kB
Progress (2): 191/311 kB | 0/2.8 MB
Progress (2): 191/311 kB | 0/2.8 MB
Progress (2): 191/311 kB | 0/2.8 MB
Progress (2): 191/311 kB | 0/2.8 MB
Progress (2): 191/311 kB | 0/2.8 MB
Progress (2): 191/311 kB | 0/2.8 MB
Progress (2): 191/311 kB | 0/2.8 MB
Progress (2): 191/311 kB | 0/2.8 MB
Progress (2): 191/311 kB | 0/2.8 MB
Progress (2): 191/311 kB | 0/2.8 MB
Progress (2): 191/311 kB | 0/2.8 MB
Progress (2): 191/311 kB | 0/2.8 MB
Progress (2): 191/311 kB | 0/2.8 MB
Progress (2): 191/311 kB | 0/2.8 MB
Progress (2): 191/311 kB | 0/2.8 MB
Progress (2): 191/311 kB | 0/2.8 MB
Progress (2): 191/311 kB | 0/2.8 MB
Progress (2): 191/311 kB | 0/2.8 MB
Progress (2): 191/311 kB | 0/2.8 MB
Progress (2): 191/311 kB | 0/2.8 MB
Progress (2): 191/311 kB | 0/2.8 MB
Progress (2): 191/311 kB | 0/2.8 MB
Progress (2): 191/311 kB | 0/2.8 MB
Progress (2): 191/311 kB | 0/2.8 MB
Progress (2): 191/311 kB | 0/2.8 MB
Progress (2): 191/311 kB | 0/2.8 MB
Progress (2): 191/311 kB | 0/2.8 MB
Progress (2): 191/311 kB | 0/2.8 MB
Progress (2): 191/311 kB | 0/2.8 MB
Progress (2): 191/311 kB | 0/2.8 MB
Progress (2): 191/311 kB | 0/2.8 MB
Progress (3): 191/311 kB | 0/2.8 MB | 0.9/14 kB
Progress (3): 191/311 kB | 0/2.8 MB | 2.3/14 kB
Progress (3): 191/311 kB | 0/2.8 MB | 3.7/14 kB
Progress (3): 191/311 kB | 0/2.8 MB | 3.7/14 kB
Progress (3): 191/311 kB | 0/2.8 MB | 5.0/14 kB
Progress (3): 191/311 kB | 0/2.8 MB | 6.4/14 kB
Progress (3): 191/311 kB | 0/2.8 MB | 7.8/14 kB
Progress (3): 191/311 kB | 0/2.8 MB | 7.8/14 kB
Progress (3): 191/311 kB | 0/2.8 MB | 9.1/14 kB
Progress (3): 191/311 kB | 0/2.8 MB | 9.1/14 kB
Progress (3): 191/311 kB | 0/2.8 MB | 11/14 kB 
Progress (3): 191/311 kB | 0/2.8 MB | 11/14 kB
Progress (3): 191/311 kB | 0/2.8 MB | 12/14 kB
Progress (3): 191/311 kB | 0/2.8 MB | 13/14 kB
Progress (3): 191/311 kB | 0/2.8 MB | 13/14 kB
Progress (3): 191/311 kB | 0/2.8 MB | 14 kB   
Progress (3): 191/311 kB | 0.1/2.8 MB | 14 kB
                                             
Downloaded from central: https://repo.maven.apache.org/maven2/org/apache/maven/surefire/surefire-logger-api/3.5.2/surefire-logger-api-3.5.2.jar (14 kB at 4.0 kB/s)
Downloading from central: https://repo.maven.apache.org/maven2/org/apache/maven/resolver/maven-resolver-api/1.4.1/maven-resolver-api-1.4.1.jar
Progress (2): 191/311 kB | 0.1/2.8 MB
Progress (2): 191/311 kB | 0.1/2.8 MB
Progress (2): 191/311 kB | 0.1/2.8 MB
Progress (2): 191/311 kB | 0.1/2.8 MB
Progress (2): 191/311 kB | 0.1/2.8 MB
Progress (3): 191/311 kB | 0.1/2.8 MB | 0.9/118 kB
Progress (3): 191/311 kB | 0.1/2.8 MB | 2.3/118 kB
Progress (3): 191/311 kB | 0.1/2.8 MB | 3.7/118 kB
Progress (3): 191/311 kB | 0.1/2.8 MB | 5.0/118 kB
Progress (3): 191/311 kB | 0.1/2.8 MB | 6.4/118 kB
Progress (3): 191/311 kB | 0.1/2.8 MB | 7.8/118 kB
Progress (3): 191/311 kB | 0.1/2.8 MB | 9.1/118 kB
Progress (3): 191/311 kB | 0.1/2.8 MB | 11/118 kB 
Progress (3): 191/311 kB | 0.1/2.8 MB | 12/118 kB
Progress (3): 191/311 kB | 0.1/2.8 MB | 13/118 kB
Progress (3): 191/311 kB | 0.1/2.8 MB | 15/118 kB
Progress (3): 191/311 kB | 0.1/2.8 MB | 16/118 kB
Progress (3): 191/311 kB | 0.1/2.8 MB | 17/118 kB
Progress (3): 191/311 kB | 0.1/2.8 MB | 19/118 kB
Progress (3): 191/311 kB | 0.1/2.8 MB | 20/118 kB
Progress (3): 191/311 kB | 0.1/2.8 MB | 21/118 kB
Progress (3): 191/311 kB | 0.1/2.8 MB | 23/118 kB
Progress (3): 191/311 kB | 0.1/2.8 MB | 24/118 kB
Progress (3): 191/311 kB | 0.1/2.8 MB | 26/118 kB
Progress (3): 191/311 kB | 0.1/2.8 MB | 27/118 kB
Progress (3): 191/311 kB | 0.1/2.8 MB | 28/118 kB
Progress (3): 191/311 kB | 0.1/2.8 MB | 30/118 kB
Progress (3): 191/311 kB | 0.1/2.8 MB | 31/118 kB
Progress (3): 191/311 kB | 0.1/2.8 MB | 32/118 kB
Progress (3): 191/311 kB | 0.1/2.8 MB | 34/118 kB
Progress (3): 191/311 kB | 0.1/2.8 MB | 35/118 kB
Progress (3): 191/311 kB | 0.1/2.8 MB | 37/118 kB
Progress (3): 191/311 kB | 0.1/2.8 MB | 38/118 kB
Progress (3): 191/311 kB | 0.1/2.8 MB | 39/118 kB
Progress (3): 191/311 kB | 0.1/2.8 MB | 41/118 kB
Progress (3): 191/311 kB | 0.1/2.8 MB | 42/118 kB
Progress (3): 191/311 kB | 0.1/2.8 MB | 43/118 kB
Progress (3): 191/311 kB | 0.1/2.8 MB | 45/118 kB
Progress (3): 191/311 kB | 0.1/2.8 MB | 46/118 kB
Progress (3): 191/311 kB | 0.1/2.8 MB | 47/118 kB
Progress (3): 191/311 kB | 0.1/2.8 MB | 49/118 kB
Progress (3): 191/311 kB | 0.1/2.8 MB | 50/118 kB
Progress (3): 191/311 kB | 0.1/2.8 MB | 52/118 kB
Progress (3): 191/311 kB | 0.1/2.8 MB | 53/118 kB
Progress (3): 191/311 kB | 0.1/2.8 MB | 54/118 kB
Progress (3): 191/311 kB | 0.1/2.8 MB | 56/118 kB
Progress (3): 191/311 kB | 0.1/2.8 MB | 60/118 kB
Progress (3): 195/311 kB | 0.1/2.8 MB | 60/118 kB
Progress (3): 199/311 kB | 0.1/2.8 MB | 60/118 kB
Progress (3): 204/311 kB | 0.1/2.8 MB | 60/118 kB
Progress (3): 208/311 kB | 0.1/2.8 MB | 60/118 kB
Progress (3): 212/311 kB | 0.1/2.8 MB | 60/118 kB
Progress (3): 216/311 kB | 0.1/2.8 MB | 60/118 kB
Progress (3): 221/311 kB | 0.1/2.8 MB | 60/118 kB
Progress (3): 225/311 kB | 0.1/2.8 MB | 60/118 kB
Progress (3): 241/311 kB | 0.1/2.8 MB | 60/118 kB
Progress (3): 258/311 kB | 0.1/2.8 MB | 60/118 kB
Progress (3): 274/311 kB | 0.1/2.8 MB | 60/118 kB
Progress (3): 290/311 kB | 0.1/2.8 MB | 60/118 kB
Progress (3): 307/311 kB | 0.1/2.8 MB | 60/118 kB
Progress (3): 311 kB | 0.1/2.8 MB | 60/118 kB    
Progress (4): 311 kB | 0.1/2.8 MB | 60/118 kB | 3.8/168 kB
Progress (4): 311 kB | 0.1/2.8 MB | 60/118 kB | 8.0/168 kB
                                                          
Downloaded from central: https://repo.maven.apache.org/maven2/org/apache/maven/surefire/maven-surefire-common/3.5.2/maven-surefire-common-3.5.2.jar (311 kB at 67 kB/s)
Downloading from central: https://repo.maven.apache.org/maven2/org/apache/maven/shared/maven-common-artifact-filters/3.4.0/maven-common-artifact-filters-3.4.0.jar
Progress (3): 0.1/2.8 MB | 60/118 kB | 24/168 kB
Progress (3): 0.1/2.8 MB | 64/118 kB | 24/168 kB
Progress (3): 0.1/2.8 MB | 68/118 kB | 24/168 kB
Progress (3): 0.1/2.8 MB | 73/118 kB | 24/168 kB
Progress (3): 0.1/2.8 MB | 73/118 kB | 24/168 kB
Progress (3): 0.1/2.8 MB | 77/118 kB | 24/168 kB
Progress (3): 0.1/2.8 MB | 77/118 kB | 24/168 kB
Progress (3): 0.1/2.8 MB | 77/118 kB | 24/168 kB
Progress (3): 0.1/2.8 MB | 77/118 kB | 24/168 kB
Progress (3): 0.1/2.8 MB | 77/118 kB | 24/168 kB
Progress (3): 0.1/2.8 MB | 77/118 kB | 24/168 kB
Progress (3): 0.1/2.8 MB | 77/118 kB | 24/168 kB
Progress (3): 0.1/2.8 MB | 77/118 kB | 24/168 kB
Progress (3): 0.1/2.8 MB | 77/118 kB | 24/168 kB
Progress (3): 0.1/2.8 MB | 77/118 kB | 24/168 kB
Progress (3): 0.1/2.8 MB | 77/118 kB | 24/168 kB
Progress (3): 0.1/2.8 MB | 77/118 kB | 24/168 kB
Progress (3): 0.1/2.8 MB | 77/118 kB | 24/168 kB
Progress (3): 0.1/2.8 MB | 77/118 kB | 24/168 kB
Progress (3): 0.1/2.8 MB | 77/118 kB | 24/168 kB
Progress (3): 0.1/2.8 MB | 77/118 kB | 24/168 kB
Progress (3): 0.1/2.8 MB | 81/118 kB | 24/168 kB
Progress (3): 0.1/2.8 MB | 85/118 kB | 24/168 kB
Progress (3): 0.1/2.8 MB | 90/118 kB | 24/168 kB
Progress (3): 0.1/2.8 MB | 94/118 kB | 24/168 kB
Progress (3): 0.1/2.8 MB | 98/118 kB | 24/168 kB
Progress (3): 0.1/2.8 MB | 102/118 kB | 24/168 kB
Progress (3): 0.1/2.8 MB | 106/118 kB | 24/168 kB
Progress (3): 0.1/2.8 MB | 111/118 kB | 24/168 kB
Progress (3): 0.1/2.8 MB | 115/118 kB | 24/168 kB
Progress (3): 0.1/2.8 MB | 118 kB | 24/168 kB    
Progress (3): 0.1/2.8 MB | 118 kB | 41/168 kB
Progress (3): 0.1/2.8 MB | 118 kB | 57/168 kB
Progress (3): 0.1/2.8 MB | 118 kB | 74/168 kB
Progress (3): 0.1/2.8 MB | 118 kB | 90/168 kB
Progress (3): 0.1/2.8 MB | 118 kB | 106/168 kB
Progress (3): 0.1/2.8 MB | 118 kB | 123/168 kB
Progress (3): 0.1/2.8 MB | 118 kB | 139/168 kB
Progress (3): 0.1/2.8 MB | 118 kB | 155/168 kB
                                              
Downloaded from central: https://repo.maven.apache.org/maven2/org/apache/maven/surefire/surefire-booter/3.5.2/surefire-booter-3.5.2.jar (118 kB at 25 kB/s)
Downloading from central: https://repo.maven.apache.org/maven2/org/codehaus/plexus/plexus-java/1.3.0/plexus-java-1.3.0.jar
Progress (2): 0.1/2.8 MB | 155/168 kB
Progress (2): 0.1/2.8 MB | 155/168 kB
Progress (2): 0.1/2.8 MB | 155/168 kB
Progress (2): 0.1/2.8 MB | 155/168 kB
Progress (2): 0.1/2.8 MB | 155/168 kB
Progress (2): 0.2/2.8 MB | 155/168 kB
Progress (2): 0.2/2.8 MB | 155/168 kB
Progress (2): 0.2/2.8 MB | 155/168 kB
Progress (2): 0.2/2.8 MB | 155/168 kB
Progress (2): 0.2/2.8 MB | 155/168 kB
Progress (2): 0.2/2.8 MB | 155/168 kB
Progress (2): 0.2/2.8 MB | 155/168 kB
Progress (2): 0.2/2.8 MB | 168 kB    
Progress (2): 0.2/2.8 MB | 168 kB
Progress (2): 0.2/2.8 MB | 168 kB
Progress (2): 0.2/2.8 MB | 168 kB
Progress (2): 0.2/2.8 MB | 168 kB
Progress (2): 0.2/2.8 MB | 168 kB
Progress (2): 0.2/2.8 MB | 168 kB
Progress (2): 0.2/2.8 MB | 168 kB
Progress (2): 0.2/2.8 MB | 168 kB
                                 
Downloaded from central: https://repo.maven.apache.org/maven2/org/apache/maven/resolver/maven-resolver-util/1.4.1/maven-resolver-util-1.4.1.jar (168 kB at 34 kB/s)
Downloading from central: https://repo.maven.apache.org/maven2/org/ow2/asm/asm/9.7/asm-9.7.jar
Progress (1): 0.2/2.8 MB
Progress (1): 0.2/2.8 MB
Progress (1): 0.2/2.8 MB
Progress (1): 0.2/2.8 MB
Progress (1): 0.3/2.8 MB
Progress (1): 0.3/2.8 MB
Progress (1): 0.3/2.8 MB
Progress (1): 0.3/2.8 MB
Progress (1): 0.3/2.8 MB
Progress (1): 0.3/2.8 MB
Progress (1): 0.4/2.8 MB
Progress (1): 0.4/2.8 MB
Progress (1): 0.4/2.8 MB
Progress (1): 0.4/2.8 MB
Progress (1): 0.4/2.8 MB
Progress (1): 0.4/2.8 MB
Progress (1): 0.5/2.8 MB
Progress (1): 0.5/2.8 MB
Progress (1): 0.5/2.8 MB
Progress (1): 0.5/2.8 MB
Progress (1): 0.5/2.8 MB
Progress (1): 0.5/2.8 MB
Progress (1): 0.6/2.8 MB
Progress (1): 0.6/2.8 MB
Progress (1): 0.6/2.8 MB
Progress (1): 0.6/2.8 MB
Progress (1): 0.6/2.8 MB
Progress (1): 0.6/2.8 MB
Progress (1): 0.7/2.8 MB
Progress (1): 0.7/2.8 MB
Progress (1): 0.7/2.8 MB
Progress (1): 0.7/2.8 MB
Progress (1): 0.7/2.8 MB
Progress (1): 0.7/2.8 MB
Progress (1): 0.7/2.8 MB
Progress (1): 0.8/2.8 MB
Progress (1): 0.8/2.8 MB
Progress (1): 0.8/2.8 MB
Progress (1): 0.8/2.8 MB
Progress (1): 0.8/2.8 MB
Progress (1): 0.8/2.8 MB
Progress (1): 0.9/2.8 MB
Progress (1): 0.9/2.8 MB
Progress (1): 0.9/2.8 MB
Progress (1): 0.9/2.8 MB
Progress (1): 0.9/2.8 MB
Progress (1): 0.9/2.8 MB
Progress (1): 1.0/2.8 MB
Progress (1): 1.0/2.8 MB
Progress (1): 1.0/2.8 MB
Progress (1): 1.0/2.8 MB
Progress (1): 1.0/2.8 MB
Progress (1): 1.0/2.8 MB
Progress (1): 1.1/2.8 MB
Progress (1): 1.1/2.8 MB
Progress (1): 1.1/2.8 MB
Progress (1): 1.1/2.8 MB
Progress (1): 1.1/2.8 MB
Progress (1): 1.1/2.8 MB
Progress (1): 1.2/2.8 MB
Progress (1): 1.2/2.8 MB
Progress (1): 1.2/2.8 MB
Progress (1): 1.2/2.8 MB
Progress (1): 1.2/2.8 MB
Progress (1): 1.2/2.8 MB
Progress (1): 1.3/2.8 MB
Progress (1): 1.3/2.8 MB
Progress (1): 1.3/2.8 MB
Progress (1): 1.3/2.8 MB
Progress (1): 1.3/2.8 MB
Progress (1): 1.3/2.8 MB
Progress (1): 1.4/2.8 MB
Progress (1): 1.4/2.8 MB
Progress (1): 1.4/2.8 MB
Progress (1): 1.4/2.8 MB
Progress (1): 1.4/2.8 MB
Progress (1): 1.4/2.8 MB
Progress (1): 1.5/2.8 MB
Progress (1): 1.5/2.8 MB
Progress (1): 1.5/2.8 MB
Progress (1): 1.5/2.8 MB
Progress (1): 1.5/2.8 MB
Progress (1): 1.5/2.8 MB
Progress (1): 1.6/2.8 MB
Progress (1): 1.6/2.8 MB
Progress (1): 1.6/2.8 MB
Progress (1): 1.6/2.8 MB
Progress (1): 1.6/2.8 MB
Progress (1): 1.6/2.8 MB
Progress (1): 1.7/2.8 MB
Progress (1): 1.7/2.8 MB
Progress (1): 1.7/2.8 MB
Progress (1): 1.7/2.8 MB
Progress (1): 1.7/2.8 MB
Progress (1): 1.7/2.8 MB
Progress (1): 1.7/2.8 MB
Progress (1): 1.8/2.8 MB
Progress (1): 1.8/2.8 MB
Progress (1): 1.8/2.8 MB
Progress (1): 1.8/2.8 MB
Progress (1): 1.8/2.8 MB
Progress (1): 1.8/2.8 MB
Progress (1): 1.9/2.8 MB
Progress (1): 1.9/2.8 MB
Progress (1): 1.9/2.8 MB
Progress (1): 1.9/2.8 MB
Progress (1): 1.9/2.8 MB
Progress (1): 1.9/2.8 MB
Progress (1): 2.0/2.8 MB
Progress (1): 2.0/2.8 MB
Progress (1): 2.0/2.8 MB
Progress (1): 2.0/2.8 MB
Progress (1): 2.0/2.8 MB
Progress (1): 2.0/2.8 MB
Progress (1): 2.1/2.8 MB
Progress (1): 2.1/2.8 MB
Progress (1): 2.1/2.8 MB
Progress (1): 2.1/2.8 MB
Progress (1): 2.1/2.8 MB
Progress (1): 2.1/2.8 MB
Progress (1): 2.2/2.8 MB
Progress (2): 2.2/2.8 MB | 0.9/149 kB
Progress (2): 2.2/2.8 MB | 2.3/149 kB
Progress (2): 2.2/2.8 MB | 3.7/149 kB
Progress (2): 2.2/2.8 MB | 5.0/149 kB
Progress (2): 2.2/2.8 MB | 6.4/149 kB
Progress (2): 2.2/2.8 MB | 7.8/149 kB
Progress (2): 2.2/2.8 MB | 9.1/149 kB
Progress (2): 2.2/2.8 MB | 11/149 kB 
Progress (2): 2.2/2.8 MB | 12/149 kB
Progress (2): 2.2/2.8 MB | 13/149 kB
Progress (2): 2.2/2.8 MB | 15/149 kB
Progress (2): 2.2/2.8 MB | 16/149 kB
Progress (2): 2.2/2.8 MB | 17/149 kB
Progress (2): 2.2/2.8 MB | 19/149 kB
Progress (2): 2.2/2.8 MB | 20/149 kB
Progress (2): 2.2/2.8 MB | 21/149 kB
Progress (2): 2.2/2.8 MB | 23/149 kB
Progress (2): 2.2/2.8 MB | 24/149 kB
Progress (2): 2.2/2.8 MB | 26/149 kB
Progress (2): 2.2/2.8 MB | 27/149 kB
Progress (2): 2.2/2.8 MB | 28/149 kB
Progress (2): 2.2/2.8 MB | 30/149 kB
Progress (2): 2.2/2.8 MB | 31/149 kB
Progress (2): 2.2/2.8 MB | 32/149 kB
Progress (2): 2.2/2.8 MB | 34/149 kB
Progress (2): 2.2/2.8 MB | 34/149 kB
Progress (2): 2.2/2.8 MB | 35/149 kB
Progress (2): 2.2/2.8 MB | 37/149 kB
Progress (2): 2.2/2.8 MB | 38/149 kB
Progress (2): 2.2/2.8 MB | 39/149 kB
Progress (2): 2.2/2.8 MB | 41/149 kB
Progress (2): 2.2/2.8 MB | 45/149 kB
Progress (2): 2.2/2.8 MB | 49/149 kB
Progress (2): 2.2/2.8 MB | 53/149 kB
Progress (2): 2.2/2.8 MB | 58/149 kB
Progress (2): 2.2/2.8 MB | 62/149 kB
Progress (2): 2.2/2.8 MB | 62/149 kB
Progress (2): 2.2/2.8 MB | 62/149 kB
Progress (2): 2.2/2.8 MB | 62/149 kB
Progress (2): 2.2/2.8 MB | 62/149 kB
Progress (2): 2.3/2.8 MB | 62/149 kB
Progress (3): 2.3/2.8 MB | 62/149 kB | 7.7/58 kB
Progress (3): 2.3/2.8 MB | 62/149 kB | 16/58 kB 
Progress (3): 2.3/2.8 MB | 62/149 kB | 32/58 kB
Progress (4): 2.3/2.8 MB | 62/149 kB | 32/58 kB | 3.4/57 kB
Progress (4): 2.3/2.8 MB | 62/149 kB | 32/58 kB | 7.6/57 kB
Progress (4): 2.3/2.8 MB | 62/149 kB | 32/58 kB | 12/57 kB 
Progress (4): 2.3/2.8 MB | 62/149 kB | 32/58 kB | 16/57 kB
Progress (4): 2.3/2.8 MB | 62/149 kB | 32/58 kB | 20/57 kB
Progress (4): 2.3/2.8 MB | 62/149 kB | 49/58 kB | 20/57 kB
Progress (4): 2.3/2.8 MB | 62/149 kB | 49/58 kB | 25/57 kB
Progress (4): 2.3/2.8 MB | 62/149 kB | 49/58 kB | 29/57 kB
Progress (4): 2.3/2.8 MB | 62/149 kB | 58 kB | 29/57 kB   
Progress (4): 2.3/2.8 MB | 62/149 kB | 58 kB | 33/57 kB
                                                       
Downloaded from central: https://repo.maven.apache.org/maven2/org/apache/maven/shared/maven-common-artifact-filters/3.4.0/maven-common-artifact-filters-3.4.0.jar (58 kB at 3.5 kB/s)
Downloading from central: https://repo.maven.apache.org/maven2/com/thoughtworks/qdox/qdox/2.1.0/qdox-2.1.0.jar
Progress (3): 2.3/2.8 MB | 62/149 kB | 37/57 kB
Progress (3): 2.3/2.8 MB | 62/149 kB | 41/57 kB
Progress (3): 2.3/2.8 MB | 62/149 kB | 46/57 kB
Progress (3): 2.3/2.8 MB | 62/149 kB | 50/57 kB
Progress (3): 2.3/2.8 MB | 62/149 kB | 54/57 kB
Progress (3): 2.3/2.8 MB | 62/149 kB | 57 kB   
Progress (3): 2.3/2.8 MB | 62/149 kB | 57 kB
Progress (3): 2.3/2.8 MB | 66/149 kB | 57 kB
Progress (3): 2.3/2.8 MB | 70/149 kB | 57 kB
                                            
Downloaded from central: https://repo.maven.apache.org/maven2/org/codehaus/plexus/plexus-java/1.3.0/plexus-java-1.3.0.jar (57 kB at 3.3 kB/s)
Progress (2): 2.3/2.8 MB | 74/149 kB
Progress (2): 2.3/2.8 MB | 74/149 kB
Progress (2): 2.3/2.8 MB | 74/149 kB
Progress (2): 2.3/2.8 MB | 74/149 kB
Progress (2): 2.3/2.8 MB | 79/149 kB
Progress (2): 2.3/2.8 MB | 83/149 kB
Progress (2): 2.3/2.8 MB | 87/149 kB
Progress (2): 2.3/2.8 MB | 91/149 kB
Progress (2): 2.3/2.8 MB | 96/149 kB
Progress (2): 2.3/2.8 MB | 96/149 kB
Progress (2): 2.3/2.8 MB | 100/149 kB
Progress (2): 2.3/2.8 MB | 104/149 kB
Progress (2): 2.3/2.8 MB | 108/149 kB
Progress (2): 2.3/2.8 MB | 113/149 kB
Progress (2): 2.3/2.8 MB | 117/149 kB
Progress (2): 2.3/2.8 MB | 121/149 kB
Progress (2): 2.4/2.8 MB | 121/149 kB
Progress (2): 2.4/2.8 MB | 125/149 kB
Progress (2): 2.4/2.8 MB | 129/149 kB
Progress (2): 2.4/2.8 MB | 134/149 kB
Progress (2): 2.4/2.8 MB | 138/149 kB
Progress (2): 2.4/2.8 MB | 142/149 kB
Progress (2): 2.4/2.8 MB | 146/149 kB
Progress (2): 2.4/2.8 MB | 149 kB    
Progress (2): 2.4/2.8 MB | 149 kB
                                 
Downloaded from central: https://repo.maven.apache.org/maven2/org/apache/maven/resolver/maven-resolver-api/1.4.1/maven-resolver-api-1.4.1.jar (149 kB at 8.4 kB/s)
Progress (1): 2.4/2.8 MB
Progress (1): 2.4/2.8 MB
Progress (1): 2.4/2.8 MB
Progress (1): 2.4/2.8 MB
Progress (2): 2.4/2.8 MB | 7.7/125 kB
Progress (2): 2.4/2.8 MB | 12/125 kB 
Progress (2): 2.4/2.8 MB | 28/125 kB
Progress (2): 2.4/2.8 MB | 44/125 kB
Progress (2): 2.4/2.8 MB | 61/125 kB
Progress (2): 2.4/2.8 MB | 77/125 kB
Progress (2): 2.4/2.8 MB | 94/125 kB
Progress (2): 2.4/2.8 MB | 110/125 kB
Progress (2): 2.4/2.8 MB | 125 kB    
Progress (3): 2.4/2.8 MB | 125 kB | 7.7/348 kB
Progress (3): 2.4/2.8 MB | 125 kB | 16/348 kB 
Progress (3): 2.4/2.8 MB | 125 kB | 32/348 kB
Progress (3): 2.4/2.8 MB | 125 kB | 49/348 kB
Progress (3): 2.4/2.8 MB | 125 kB | 65/348 kB
Progress (3): 2.4/2.8 MB | 125 kB | 81/348 kB
                                             
Downloaded from central: https://repo.maven.apache.org/maven2/org/ow2/asm/asm/9.7/asm-9.7.jar (125 kB at 6.9 kB/s)
Progress (2): 2.4/2.8 MB | 98/348 kB
Progress (2): 2.4/2.8 MB | 114/348 kB
Progress (2): 2.4/2.8 MB | 131/348 kB
Progress (2): 2.4/2.8 MB | 147/348 kB
Progress (2): 2.4/2.8 MB | 163/348 kB
Progress (2): 2.4/2.8 MB | 180/348 kB
Progress (2): 2.4/2.8 MB | 196/348 kB
Progress (2): 2.4/2.8 MB | 213/348 kB
Progress (2): 2.4/2.8 MB | 229/348 kB
Progress (2): 2.4/2.8 MB | 245/348 kB
Progress (2): 2.4/2.8 MB | 262/348 kB
Progress (2): 2.4/2.8 MB | 278/348 kB
Progress (2): 2.4/2.8 MB | 294/348 kB
Progress (2): 2.4/2.8 MB | 311/348 kB
Progress (2): 2.4/2.8 MB | 327/348 kB
Progress (2): 2.4/2.8 MB | 344/348 kB
Progress (2): 2.4/2.8 MB | 348 kB    
                                 
Downloaded from central: https://repo.maven.apache.org/maven2/com/thoughtworks/qdox/qdox/2.1.0/qdox-2.1.0.jar (348 kB at 18 kB/s)
Progress (1): 2.5/2.8 MB
Progress (1): 2.5/2.8 MB
Progress (1): 2.5/2.8 MB
Progress (1): 2.5/2.8 MB
Progress (1): 2.5/2.8 MB
Progress (1): 2.5/2.8 MB
Progress (1): 2.6/2.8 MB
Progress (1): 2.6/2.8 MB
Progress (1): 2.6/2.8 MB
Progress (1): 2.6/2.8 MB
Progress (1): 2.6/2.8 MB
Progress (1): 2.6/2.8 MB
Progress (1): 2.6/2.8 MB
Progress (1): 2.7/2.8 MB
Progress (1): 2.7/2.8 MB
Progress (1): 2.7/2.8 MB
Progress (1): 2.7/2.8 MB
Progress (1): 2.7/2.8 MB
Progress (1): 2.7/2.8 MB
Progress (1): 2.8/2.8 MB
Progress (1): 2.8/2.8 MB
Progress (1): 2.8/2.8 MB
Progress (1): 2.8/2.8 MB
Progress (1): 2.8 MB    
                    
Downloaded from central: https://repo.maven.apache.org/maven2/org/apache/maven/surefire/surefire-shared-utils/3.5.2/surefire-shared-utils-3.5.2.jar (2.8 MB at 145 kB/s)
[INFO] Using auto detected provider org.apache.maven.surefire.junitplatform.JUnitPlatformProvider
Downloading from central: https://repo.maven.apache.org/maven2/org/apache/maven/surefire/surefire-junit-platform/3.5.2/surefire-junit-platform-3.5.2.pom
Progress (1): 839 B
Progress (1): 3.1 kB
Progress (1): 5.7 kB
                    
Downloaded from central: https://repo.maven.apache.org/maven2/org/apache/maven/surefire/surefire-junit-platform/3.5.2/surefire-junit-platform-3.5.2.pom (5.7 kB at 7.0 kB/s)
Downloading from central: https://repo.maven.apache.org/maven2/org/apache/maven/surefire/surefire-providers/3.5.2/surefire-providers-3.5.2.pom
Progress (1): 854 B
Progress (1): 2.6 kB
                    
Downloaded from central: https://repo.maven.apache.org/maven2/org/apache/maven/surefire/surefire-providers/3.5.2/surefire-providers-3.5.2.pom (2.6 kB at 9.1 kB/s)
Downloading from central: https://repo.maven.apache.org/maven2/org/apache/maven/surefire/common-java5/3.5.2/common-java5-3.5.2.pom
Progress (1): 854 B
Progress (1): 2.6 kB
Progress (1): 2.8 kB
                    
Downloaded from central: https://repo.maven.apache.org/maven2/org/apache/maven/surefire/common-java5/3.5.2/common-java5-3.5.2.pom (2.8 kB at 4.1 kB/s)
Downloading from central: https://repo.maven.apache.org/maven2/org/junit/platform/junit-platform-launcher/1.9.3/junit-platform-launcher-1.9.3.pom
Progress (1): 966 B
Progress (1): 3.0 kB
                    
Downloaded from central: https://repo.maven.apache.org/maven2/org/junit/platform/junit-platform-launcher/1.9.3/junit-platform-launcher-1.9.3.pom (3.0 kB at 181 B/s)
Downloading from central: https://repo.maven.apache.org/maven2/org/apache/maven/surefire/surefire-junit-platform/3.5.2/surefire-junit-platform-3.5.2.jar
Progress (1): 7.7/27 kB
Progress (1): 16/27 kB 
Progress (1): 27 kB   
                   
Downloaded from central: https://repo.maven.apache.org/maven2/org/apache/maven/surefire/surefire-junit-platform/3.5.2/surefire-junit-platform-3.5.2.jar (27 kB at 5.4 kB/s)
Downloading from central: https://repo.maven.apache.org/maven2/org/apache/maven/surefire/common-java5/3.5.2/common-java5-3.5.2.jar
Downloading from central: https://repo.maven.apache.org/maven2/org/junit/platform/junit-platform-launcher/1.9.3/junit-platform-launcher-1.9.3.jar
Progress (1): 7.7/18 kB
Progress (1): 12/18 kB 
Progress (1): 18 kB   
Progress (2): 18 kB | 7.7/169 kB
Progress (2): 18 kB | 16/169 kB 
Progress (2): 18 kB | 32/169 kB
                               
Downloaded from central: https://repo.maven.apache.org/maven2/org/apache/maven/surefire/common-java5/3.5.2/common-java5-3.5.2.jar (18 kB at 11 kB/s)
Progress (1): 49/169 kB
Progress (1): 65/169 kB
Progress (1): 81/169 kB
Progress (1): 98/169 kB
Progress (1): 114/169 kB
Progress (1): 131/169 kB
Progress (1): 147/169 kB
Progress (1): 163/169 kB
Progress (1): 169 kB    
                    
Downloaded from central: https://repo.maven.apache.org/maven2/org/junit/platform/junit-platform-launcher/1.9.3/junit-platform-launcher-1.9.3.jar (169 kB at 98 kB/s)
Downloading from central: https://repo.maven.apache.org/maven2/org/junit/platform/junit-platform-launcher/1.11.4/junit-platform-launcher-1.11.4.pom
Progress (1): 967 B
Progress (1): 3.0 kB
                    
Downloaded from central: https://repo.maven.apache.org/maven2/org/junit/platform/junit-platform-launcher/1.11.4/junit-platform-launcher-1.11.4.pom (3.0 kB at 14 kB/s)
Downloading from central: https://repo.maven.apache.org/maven2/org/junit/platform/junit-platform-launcher/1.11.4/junit-platform-launcher-1.11.4.jar
Progress (1): 7.7/189 kB
Progress (1): 16/189 kB 
Progress (1): 32/189 kB
Progress (1): 49/189 kB
Progress (1): 65/189 kB
Progress (1): 81/189 kB
Progress (1): 98/189 kB
Progress (1): 114/189 kB
Progress (1): 131/189 kB
Progress (1): 147/189 kB
Progress (1): 163/189 kB
Progress (1): 180/189 kB
Progress (1): 189 kB    
                    
Downloaded from central: https://repo.maven.apache.org/maven2/org/junit/platform/junit-platform-launcher/1.11.4/junit-platform-launcher-1.11.4.jar (189 kB at 466 kB/s)
[INFO] 
[INFO] -------------------------------------------------------
[INFO]  T E S T S
[INFO] -------------------------------------------------------
[INFO] Running com.example.demo.controller.WebhookControllerTest
09:30:57.784 [main] INFO org.springframework.test.context.support.AnnotationConfigContextLoaderUtils -- Could not detect default configuration classes for test class [com.example.demo.controller.WebhookControllerTest]: WebhookControllerTest does not declare any static, non-private, non-final, nested classes annotated with @Configuration.
09:30:58.131 [main] INFO org.springframework.boot.test.context.SpringBootTestContextBootstrapper -- Found @SpringBootConfiguration com.example.demo.DemoApplication for test class com.example.demo.controller.WebhookControllerTest

  .   ____          _            __ _ _
 /\\ / ___'_ __ _ _(_)_ __  __ _ \ \ \ \
( ( )\___ | '_ | '_| | '_ \/ _` | \ \ \ \
 \\/  ___)| |_)| | | | | || (_| |  ) ) ) )
  '  |____| .__|_| |_|_| |_\__, | / / / /
 =========|_|==============|___/=/_/_/_/

 :: Spring Boot ::                (v3.4.2)

2026-02-12T09:30:58.656+05:30  INFO 36356 --- [demo] [           main] c.e.d.controller.WebhookControllerTest   : Starting WebhookControllerTest using Java 25.0.1 with PID 36356 (started by mokaa in C:\Users\mokaa\Desktop\IGAI\API DEMO)
2026-02-12T09:30:58.658+05:30  INFO 36356 --- [demo] [           main] c.e.d.controller.WebhookControllerTest   : No active profile set, falling back to 1 default profile: "default"
2026-02-12T09:31:01.003+05:30  INFO 36356 --- [demo] [           main] o.s.b.t.m.w.SpringBootMockServletContext : Initializing Spring TestDispatcherServlet ''
2026-02-12T09:31:01.004+05:30  INFO 36356 --- [demo] [           main] o.s.t.web.servlet.TestDispatcherServlet  : Initializing Servlet ''
2026-02-12T09:31:01.009+05:30  INFO 36356 --- [demo] [           main] o.s.t.web.servlet.TestDispatcherServlet  : Completed initialization in 4 ms
2026-02-12T09:31:01.049+05:30  INFO 36356 --- [demo] [           main] c.e.d.controller.WebhookControllerTest   : Started WebhookControllerTest in 2.825 seconds (process running for 4.371)
[INFO] Tests run: 1, Failures: 0, Errors: 0, Skipped: 0, Time elapsed: 3.741 s -- in com.example.demo.controller.WebhookControllerTest
[INFO] 
[INFO] Results:
[INFO] 
[INFO] Tests run: 1, Failures: 0, Errors: 0, Skipped: 0
[INFO] 
[INFO] ------------------------------------------------------------------------
[INFO] BUILD SUCCESS
[INFO] ------------------------------------------------------------------------
[INFO] Total time:  01:06 min
[INFO] Finished at: 2026-02-12T09:31:01+05:30
[INFO] ------------------------------------------------------------------------
